definitions = "definition.csv"
provinces = "provinces.png"
rivers = "rivers.png"
topology = "heightmap.heightmap"
continent = "continent.txt"
adjacencies = "adjacencies.csv"
island_region = "island_region.txt"
seasons = "seasons.txt"

sea_zones = RANGE { 6167  6497 }
sea_zones = RANGE { 6647  6672 }
sea_zones = RANGE { 6781  6785 }
sea_zones = RANGE { 6890  6915 }
sea_zones = RANGE { 6937  6970 }
sea_zones = LIST  { 7270 7273 7279 6917 8212 8209 8218 }
sea_zones = LIST  { 6916 6918 6919 6920 6921 6922 6923 6924 6925 6926 6927 6928 6929 6930 6931 6932 6933 6934 6935 6936 }
impassable_seas = RANGE { 2958  2960 }
impassable_seas = RANGE { 6619  6646 }
impassable_seas = RANGE { 6652  6669 }
impassable_seas = RANGE { 6673  6780 }
impassable_seas = RANGE { 6786  6889 }
impassable_seas = RANGE { 6971  7246 }
impassable_seas = RANGE { 7249  7257 }
impassable_seas = RANGE { 7271  7272 }
impassable_seas = RANGE { 7275  7276 }
impassable_seas = LIST  { 6671 7278 7269 }
impassable_seas = LIST  { 8211 8217 8215 8210 }
impassable_seas = LIST  { 8208 8213 8214 8216 }
lakes = RANGE { 6599  6618 }
lakes = RANGE { 8989  8995 }
lakes = RANGE { 9395  9400 }
lakes = LIST { 7247 }
lakes = LIST { 7248 }
lakes = LIST { 7258 }
impassable_mountains = RANGE { 2224  2250 }
impassable_mountains = RANGE { 6100  6166 }
impassable_mountains = RANGE { 7267  7268 }
impassable_mountains = RANGE { 9389  9394 }
impassable_mountains = LIST { 9887 8988 }
river_provinces = RANGE { 6498  6598 }
river_provinces = LIST  { 7274 7277 8201 8202 8203 8204 8205 8206 8207 }